// Jest Snapshot v1, https://goo.gl/fbAQLP

exports[`Comments Snapshot should matches DOM shapshot 1`] = `
<div>
  <p>
    Comments
  </p>
  <ul />
</div>
`;
